should render using self-signed CA:
  1: |
    apiVersion: cert-manager.io/v1
    kind: Issuer
    metadata:
      labels:
        app.kubernetes.io/instance: RELEASE-NAME
        app.kubernetes.io/managed-by: Helm
        app.kubernetes.io/name: kubernetes-access-gateway
        app.kubernetes.io/version: 0.1.0
        helm.sh/chart: kubernetes-access-gateway-0.1.0
      name: RELEASE-NAME-kubernetes-access-gateway-clusterissuer
    spec:
      selfSigned: {}
  2: |
    apiVersion: cert-manager.io/v1
    kind: Certificate
    metadata:
      labels:
        app.kubernetes.io/instance: RELEASE-NAME
        app.kubernetes.io/managed-by: Helm
        app.kubernetes.io/name: kubernetes-access-gateway
        app.kubernetes.io/version: 0.1.0
        helm.sh/chart: kubernetes-access-gateway-0.1.0
      name: RELEASE-NAME-kubernetes-access-gateway-ca-crt
    spec:
      commonName: RELEASE-NAME-kubernetes-access-gateway-ca
      isCA: true
      issuerRef:
        kind: Issuer
        name: RELEASE-NAME-kubernetes-access-gateway-clusterissuer
      secretName: RELEASE-NAME-kubernetes-access-gateway-ca-crt
  3: |
    apiVersion: cert-manager.io/v1
    kind: Issuer
    metadata:
      labels:
        app.kubernetes.io/instance: RELEASE-NAME
        app.kubernetes.io/managed-by: Helm
        app.kubernetes.io/name: kubernetes-access-gateway
        app.kubernetes.io/version: 0.1.0
        helm.sh/chart: kubernetes-access-gateway-0.1.0
      name: RELEASE-NAME-kubernetes-access-gateway-ca-issuer
    spec:
      ca:
        secretName: RELEASE-NAME-kubernetes-access-gateway-ca-crt
