should create Grafana Dashboard:
  1: |
    apiVersion: v1
    data:
      gateway-dashboard.json: |
        {
          "title": "Kubernetes Access Gateway Dashboard",
          "panels": [],
          "tags": [],
          "time": {
            "from": "now-1h",
            "to": "now"
          },
          "schemaVersion": 40,
          "version": 1
        }
    kind: ConfigMap
    metadata:
      labels:
        grafana_dashboard: "1"
      name: RELEASE-NAME-kubernetes-access-gateway-config-dashboard
